// Jest Snapshot v1, https://goo.gl/fbAQLP

exports[`getLogger returns expected record shape 1`] = `
{
  "agent": "",
  "foo": "bar",
  "ip": "",
  "isUserActivity": true,
  "mobileWeb": false,
  "platform": "WEB",
  "platformAgent": "MOCK_PLATFORM_AGENT",
  "referer": "",
  "requestId": 1234,
  "timestamp": Any<String>,
  "trax": Any<Object>,
}
`;
