// Jest Snapshot v1, https://goo.gl/fbAQLP

exports[`connectWithMatchMedia exists 1`] = `
<ConnectWithMatchMedia(TestComponent)
  media={
    {
      "isAtSmallUp": true,
    }
  }
/>
`;
