// Jest Snapshot v1, https://goo.gl/fbAQLP

exports[`ServerApp exists 1`] = `
<StaticRouter
  basename=""
  context={{}}
  location={
    {
      "hash": "",
      "pathname": "/foo",
      "search": "",
    }
  }
>
  <Component>
    <HapiCookieProvider
      h={{}}
      request={
        {
          "url": {
            "hash": "",
            "pathname": "/foo",
            "search": "",
          },
        }
      }
    >
      <PlatformApp
        appContext={
          {
            "basename": "",
          }
        }
        routes={[]}
        store={{}}
      />
    </HapiCookieProvider>
  </Component>
</StaticRouter>
`;
