// Jest Snapshot v1, https://goo.gl/fbAQLP

exports[`renders an IntlProvider-wrapped component 1`] = `
<IntlProvider
  defaultLocale="en-US"
  messages={
    {
      "foo": "bar",
    }
  }
>
  <Dummy />
</IntlProvider>
`;
