// Jest Snapshot v1, https://goo.gl/fbAQLP

exports[`PageWrap renders correct UI elements 1`] = `
<div
  className="column lang_en"
  id="root"
  style={
    {
      "minHeight": "100vh",
    }
  }
>
  <HelmetWrapper
    defaultTitle="Meetup"
    defer={true}
    encodeSpecialCharacters={true}
    titleTemplate="%s - Meetup"
  >
    <meta
      content="width=device-width, initial-scale=1"
      name="viewport"
    />
    <meta
      content="text/html; charset=UTF-8"
      http-equiv="Content-Type"
    />
    <meta
      content="IE=edge"
      http-equiv="X-UA-Compatible"
    />
    <meta
      content="index,follow"
      name="robots"
    />
    <meta
      content="h5EhuAEkLFlZmMxwpH5wnRaoDEmqYCCEUE+FLcrRNvE="
      name="verify-v1"
    />
  </HelmetWrapper>
  <div
    key="0/.0"
    localeCode="en-US"
    location={
      {
        "hash": "",
        "pathname": "/",
        "search": "",
      }
    }
    self={
      {
        "id": 1243,
        "name": "mocky mcmockerson",
        "photo": {
          "photo_link": "http://placekitten.com/g/400/400",
          "thumb_link": "http://placekitten.com/g/200/200",
        },
      }
    }
  >
    hello world
  </div>
</div>
`;
