// Jest Snapshot v1, https://goo.gl/fbAQLP

exports[`UXCapture renders correct markup when all props are defined 1`] = `
<Fragment>
  <_default />
  <_default
    primaryActionAvailable={
      [
        "ux-primary-action-available",
      ]
    }
    primaryContentDisplayed={
      [
        "ux-primary-content-1",
        "ux-primary-content-2",
      ]
    }
    secondaryContentDisplayed={
      [
        "ux-secondary-content-1",
        "ux-secondary-content-2",
        "ux-secondary-content-3",
      ]
    }
  />
</Fragment>
`;
