// Jest Snapshot v1, https://goo.gl/fbAQLP

exports[`UXCaptureCreate renders the correct markup when no props are provided 1`] = `
<div
  dangerouslySetInnerHTML={
    {
      "__html": "
		<script>
			if(window.UXCapture) {
				window.UXCapture.create({});
			}
		</script>
	",
    }
  }
/>
`;
